
> base-score@1.0.0 build
> next build

  Γû▓ Next.js 14.2.35
  - Environments: .env.local

   Creating an optimized production build ...
node.exe :  ΓÜá Compiled with warnings
At line:1 char:1
+ & "C:\Program Files\nodejs/node.exe" "C:\Program 
Files\nodejs/node_mo ...
+ ~~~~~~~~~~~~~~~~~~~~~~~~~~~~~~~~~~~~~~~~~~~~~~~~~~~~~~~~~
~~~~~~~~~~~~
    + CategoryInfo          : NotSpecified: ( ΓÜá Compiled 
    with warnings:String) [], RemoteException
    + FullyQualifiedErrorId : NativeCommandError
 

./node_modules/@metamask/sdk/dist/browser/es/metamask-sdk.j
s
Module not found: Can't resolve 
'@react-native-async-storage/async-storage' in 'C:\Users\uk
aob\OneDrive\Desktop\base-score\node_modules\@metamask\sdk\
dist\browser\es'

Import trace for requested module:
./node_modules/@metamask/sdk/dist/browser/es/metamask-sdk.j
s
./node_modules/@wagmi/connectors/dist/esm/metaMask.js
./node_modules/@wagmi/connectors/dist/esm/exports/index.js
./node_modules/wagmi/dist/esm/exports/connectors.js
./src/lib/wagmi.ts
./src/components/Providers.tsx

./node_modules/pino/lib/tools.js
Module not found: Can't resolve 'pino-pretty' in 'C:\Users\
ukaob\OneDrive\Desktop\base-score\node_modules\pino\lib'

Import trace for requested module:
./node_modules/pino/lib/tools.js
./node_modules/pino/pino.js
./node_modules/@walletconnect/logger/dist/index.es.js
./node_modules/@walletconnect/universal-provider/dist/index
.es.js
./node_modules/@walletconnect/ethereum-provider/dist/index.
es.js
./node_modules/@wagmi/connectors/dist/esm/walletConnect.js
./node_modules/@wagmi/connectors/dist/esm/exports/index.js
./node_modules/wagmi/dist/esm/exports/connectors.js
./src/lib/wagmi.ts
./src/components/Providers.tsx

 ΓÜá Compiled with warnings

./node_modules/@metamask/sdk/dist/browser/es/metamask-sdk.j
s
Module not found: Can't resolve 
'@react-native-async-storage/async-storage' in 'C:\Users\uk
aob\OneDrive\Desktop\base-score\node_modules\@metamask\sdk\
dist\browser\es'

Import trace for requested module:
./node_modules/@metamask/sdk/dist/browser/es/metamask-sdk.j
s
./node_modules/@wagmi/connectors/dist/esm/metaMask.js
./node_modules/@wagmi/connectors/dist/esm/exports/index.js
./node_modules/wagmi/dist/esm/exports/connectors.js
./src/lib/wagmi.ts
./src/components/Providers.tsx

 Γ£ô Compiled successfully
   Linting and checking validity of types ...
   Collecting page data ...
   Generating static pages (0/7) ...
   Generating static pages (1/7) 
   Generating static pages (3/7) 
 ΓÜá metadataBase property in metadata export is not set 
for resolving social open graph or twitter images, using 
"http://localhost:3000". See https://nextjs.org/docs/app/ap
i-reference/functions/generate-metadata#metadatabase
 ΓÜá metadataBase property in metadata export is not set 
for resolving social open graph or twitter images, using 
"http://localhost:3000". See https://nextjs.org/docs/app/ap
i-reference/functions/generate-metadata#metadatabase
 ΓÜá metadataBase property in metadata export is not set 
for resolving social open graph or twitter images, using 
"http://localhost:3000". See https://nextjs.org/docs/app/ap
i-reference/functions/generate-metadata#metadatabase
   Generating static pages (5/7) 
 Γ£ô Generating static pages (7/7)
   Finalizing page optimization ...
   Collecting build traces ...

Route (app)                              Size     First Load JS
Γöî Γùï /                                    164 kB          299 kB
Γö£ Γùï /_not-found                          876 B          88.5 kB
Γö£ Γùï /.well-known/farcaster.json          0 B                0 B
Γö£ ╞Æ /api/webhook                         0 B                0 B
Γöö Γùï /landing                             3.14 kB        90.8 kB
+ First Load JS shared by all            87.7 kB
  Γö£ chunks/117-c88fd6cc5180f57d.js       31.9 kB
  Γö£ chunks/fd9d1056-b025b9fe7385f32a.js  53.6 kB
  Γöö other shared chunks (total)          2.13 kB


Γùï  (Static)   prerendered as static content
╞Æ  (Dynamic)  server-rendered on demand

