
> base-score@1.0.0 build
> next build

  Γû▓ Next.js 14.2.35
  - Environments: .env.local

   Creating an optimized production build ...
node.exe :  ΓÜá Compiled with warnings
At line:1 char:1
+ & "C:\Program Files\nodejs/node.exe" "C:\Program Files\nodejs/node_mo ...
+ ~~~~~~~~~~~~~~~~~~~~~~~~~~~~~~~~~~~~~~~~~~~~~~~~~~~~~~~~~~~~~~~~~~~~~
    + CategoryInfo          : NotSpecified: ( ΓÜá Compiled with warnings:String) [], 
    RemoteException
    + FullyQualifiedErrorId : NativeCommandError
 

./node_modules/@metamask/sdk/dist/browser/es/metamask-sdk.js
Module not found: Can't resolve '@react-native-async-storage/async-storage' in 'C:\Us
ers\ukaob\OneDrive\Desktop\base-score\node_modules\@metamask\sdk\dist\browser\es'

Import trace for requested module:
./node_modules/@metamask/sdk/dist/browser/es/metamask-sdk.js
./node_modules/@wagmi/connectors/dist/esm/metaMask.js
./node_modules/@wagmi/connectors/dist/esm/exports/index.js
./node_modules/wagmi/dist/esm/exports/connectors.js
./src/lib/wagmi.ts
./src/components/Providers.tsx

./node_modules/pino/lib/tools.js
Module not found: Can't resolve 'pino-pretty' in 
'C:\Users\ukaob\OneDrive\Desktop\base-score\node_modules\pino\lib'

Import trace for requested module:
./node_modules/pino/lib/tools.js
./node_modules/pino/pino.js
./node_modules/@walletconnect/logger/dist/index.es.js
./node_modules/@walletconnect/universal-provider/dist/index.es.js
./node_modules/@walletconnect/ethereum-provider/dist/index.es.js
./node_modules/@wagmi/connectors/dist/esm/walletConnect.js
./node_modules/@wagmi/connectors/dist/esm/exports/index.js
./node_modules/wagmi/dist/esm/exports/connectors.js
./src/lib/wagmi.ts
./src/components/Providers.tsx

 ΓÜá Compiled with warnings

./node_modules/@metamask/sdk/dist/browser/es/metamask-sdk.js
Module not found: Can't resolve '@react-native-async-storage/async-storage' in 'C:\Us
ers\ukaob\OneDrive\Desktop\base-score\node_modules\@metamask\sdk\dist\browser\es'

Import trace for requested module:
./node_modules/@metamask/sdk/dist/browser/es/metamask-sdk.js
./node_modules/@wagmi/connectors/dist/esm/metaMask.js
./node_modules/@wagmi/connectors/dist/esm/exports/index.js
./node_modules/wagmi/dist/esm/exports/connectors.js
./src/lib/wagmi.ts
./src/components/Providers.tsx

 Γ£ô Compiled successfully
   Linting and checking validity of types ...
Failed to compile.

./src/components/Dashboard.tsx:141:23
Type error: Type 'PnLData | null' is not assignable to type 'PnLData'.
  Type 'null' is not assignable to type 'PnLData'.

[0m [90m 139 |[39m           ) [33m:[39m ([0m
[0m [90m 140 |[39m             stats [33m?[39m ([0m
[0m[31m[1m>[22m[39m[90m 141 |[39m               [33m<[39m[33mPnLTab[39m 
pnl[33m=[39m{pnl} recentTrades[33m=[39m{recentTrades} [33m/[39m[33m>[39m[0m
[0m [90m     |[39m                       [31m[1m^[22m[39m[0m
[0m [90m 142 |[39m             ) [33m:[39m ([0m
[0m [90m 143 |[39m               [33m<[39m[33mdiv[39m 
className[33m=[39m[32m"text-center text-white 
py-20"[39m[33m>[39m[33mLoading[39m [33mMarket[39m 
[33mData[39m[33m...[39m[33m<[39m[33m/[39m[33mdiv[39m[33m>[39m[0m
[0m [90m 144 |[39m             )[0m
Next.js build worker exited with code: 1 and signal: null
